[2025-06-10T15:49:24.281+0530][gc] Using G1
[2025-06-10T15:49:24.287+0530][gc,init] Version: 17.0.15+0 (release)
[2025-06-10T15:49:24.287+0530][gc,init] CPUs: 16 total, 16 available
[2025-06-10T15:49:24.287+0530][gc,init] Memory: 16384M
[2025-06-10T15:49:24.287+0530][gc,init] Large Page Support: Disabled
[2025-06-10T15:49:24.287+0530][gc,init] NUMA Support: Disabled
[2025-06-10T15:49:24.287+0530][gc,init] Compressed Oops: Enabled (Zero based)
[2025-06-10T15:49:24.287+0530][gc,init] Heap Region Size: 1M
[2025-06-10T15:49:24.287+0530][gc,init] Heap Min Capacity: 1G
[2025-06-10T15:49:24.287+0530][gc,init] Heap Initial Capacity: 1G
[2025-06-10T15:49:24.287+0530][gc,init] Heap Max Capacity: 1G
[2025-06-10T15:49:24.287+0530][gc,init] Pre-touch: Disabled
[2025-06-10T15:49:24.287+0530][gc,init] Parallel Workers: 13
[2025-06-10T15:49:24.287+0530][gc,init] Concurrent Workers: 3
[2025-06-10T15:49:24.287+0530][gc,init] Concurrent Refinement Workers: 13
[2025-06-10T15:49:24.287+0530][gc,init] Periodic GC: Disabled
[2025-06-10T15:49:24.294+0530][gc,metaspace] CDS archive(s) mapped at: [0x0000000122000000-0x0000000122bbd000-0x0000000122bbd000), size 12308480, SharedBaseAddress: 0x0000000122000000, ArchiveRelocationMode: 1.
[2025-06-10T15:49:24.294+0530][gc,metaspace] Compressed class space mapped at: 0x0000000123000000-0x0000000163000000, reserved size: 1073741824
[2025-06-10T15:49:24.294+0530][gc,metaspace] Narrow klass base: 0x0000000122000000, Narrow klass shift: 0, Narrow klass range: 0x100000000
[2025-06-10T15:49:25.436+0530][gc,start    ] GC(0) Pause Young (Normal) (G1 Evacuation Pause)
[2025-06-10T15:49:25.437+0530][gc,task     ] GC(0) Using 13 workers of 13 for evacuation
[2025-06-10T15:49:25.442+0530][gc,phases   ] GC(0)   Pre Evacuate Collection Set: 0.2ms
[2025-06-10T15:49:25.442+0530][gc,phases   ] GC(0)   Merge Heap Roots: 0.1ms
[2025-06-10T15:49:25.442+0530][gc,phases   ] GC(0)   Evacuate Collection Set: 4.1ms
[2025-06-10T15:49:25.442+0530][gc,phases   ] GC(0)   Post Evacuate Collection Set: 0.6ms
[2025-06-10T15:49:25.442+0530][gc,phases   ] GC(0)   Other: 0.8ms
[2025-06-10T15:49:25.442+0530][gc,heap     ] GC(0) Eden regions: 51->0(44)
[2025-06-10T15:49:25.442+0530][gc,heap     ] GC(0) Survivor regions: 0->7(7)
[2025-06-10T15:49:25.442+0530][gc,heap     ] GC(0) Old regions: 0->0
[2025-06-10T15:49:25.442+0530][gc,heap     ] GC(0) Archive regions: 2->2
[2025-06-10T15:49:25.442+0530][gc,heap     ] GC(0) Humongous regions: 0->0
[2025-06-10T15:49:25.442+0530][gc,metaspace] GC(0) Metaspace: 18778K(18944K)->18778K(18944K) NonClass: 16239K(16320K)->16239K(16320K) Class: 2539K(2624K)->2539K(2624K)
[2025-06-10T15:49:25.442+0530][gc          ] GC(0) Pause Young (Normal) (G1 Evacuation Pause) 51M->7M(1024M) 5.966ms
[2025-06-10T15:49:25.442+0530][gc,cpu      ] GC(0) User=0.02s Sys=0.02s Real=0.01s
[2025-06-10T15:49:25.622+0530][gc,start    ] GC(1) Pause Young (Concurrent Start) (Metadata GC Threshold)
[2025-06-10T15:49:25.622+0530][gc,task     ] GC(1) Using 13 workers of 13 for evacuation
[2025-06-10T15:49:25.627+0530][gc,phases   ] GC(1)   Pre Evacuate Collection Set: 0.1ms
[2025-06-10T15:49:25.627+0530][gc,phases   ] GC(1)   Merge Heap Roots: 0.1ms
[2025-06-10T15:49:25.627+0530][gc,phases   ] GC(1)   Evacuate Collection Set: 4.6ms
[2025-06-10T15:49:25.627+0530][gc,phases   ] GC(1)   Post Evacuate Collection Set: 0.4ms
[2025-06-10T15:49:25.627+0530][gc,phases   ] GC(1)   Other: 0.2ms
[2025-06-10T15:49:25.627+0530][gc,heap     ] GC(1) Eden regions: 10->0(49)
[2025-06-10T15:49:25.627+0530][gc,heap     ] GC(1) Survivor regions: 7->2(7)
[2025-06-10T15:49:25.627+0530][gc,heap     ] GC(1) Old regions: 0->7
[2025-06-10T15:49:25.627+0530][gc,heap     ] GC(1) Archive regions: 2->2
[2025-06-10T15:49:25.627+0530][gc,heap     ] GC(1) Humongous regions: 129->129
[2025-06-10T15:49:25.627+0530][gc,metaspace] GC(1) Metaspace: 21262K(21504K)->21262K(21504K) NonClass: 18391K(18496K)->18391K(18496K) Class: 2870K(3008K)->2870K(3008K)
[2025-06-10T15:49:25.627+0530][gc          ] GC(1) Pause Young (Concurrent Start) (Metadata GC Threshold) 146M->138M(1024M) 5.546ms
[2025-06-10T15:49:25.627+0530][gc,cpu      ] GC(1) User=0.02s Sys=0.03s Real=0.00s
[2025-06-10T15:49:25.627+0530][gc          ] GC(2) Concurrent Mark Cycle
[2025-06-10T15:49:25.628+0530][gc,marking  ] GC(2) Concurrent Clear Claimed Marks
[2025-06-10T15:49:25.628+0530][gc,marking  ] GC(2) Concurrent Clear Claimed Marks 0.014ms
[2025-06-10T15:49:25.628+0530][gc,marking  ] GC(2) Concurrent Scan Root Regions
[2025-06-10T15:49:25.629+0530][gc,marking  ] GC(2) Concurrent Scan Root Regions 1.631ms
[2025-06-10T15:49:25.629+0530][gc,marking  ] GC(2) Concurrent Mark
[2025-06-10T15:49:25.629+0530][gc,marking  ] GC(2) Concurrent Mark From Roots
[2025-06-10T15:49:25.629+0530][gc,task     ] GC(2) Using 3 workers of 3 for marking
[2025-06-10T15:49:25.630+0530][gc,marking  ] GC(2) Concurrent Mark From Roots 1.069ms
[2025-06-10T15:49:25.630+0530][gc,marking  ] GC(2) Concurrent Preclean
[2025-06-10T15:49:25.630+0530][gc,marking  ] GC(2) Concurrent Preclean 0.036ms
[2025-06-10T15:49:25.630+0530][gc,start    ] GC(2) Pause Remark
[2025-06-10T15:49:25.632+0530][gc          ] GC(2) Pause Remark 138M->138M(1024M) 1.148ms
[2025-06-10T15:49:25.632+0530][gc,cpu      ] GC(2) User=0.00s Sys=0.00s Real=0.00s
[2025-06-10T15:49:25.632+0530][gc,marking  ] GC(2) Concurrent Mark 2.404ms
[2025-06-10T15:49:25.632+0530][gc,marking  ] GC(2) Concurrent Rebuild Remembered Sets
[2025-06-10T15:49:25.634+0530][gc,marking  ] GC(2) Concurrent Rebuild Remembered Sets 2.160ms
[2025-06-10T15:49:25.634+0530][gc,start    ] GC(2) Pause Cleanup
[2025-06-10T15:49:25.634+0530][gc          ] GC(2) Pause Cleanup 138M->138M(1024M) 0.140ms
[2025-06-10T15:49:25.634+0530][gc,cpu      ] GC(2) User=0.00s Sys=0.00s Real=0.00s
[2025-06-10T15:49:25.634+0530][gc,marking  ] GC(2) Concurrent Cleanup for Next Mark
[2025-06-10T15:49:25.639+0530][gc,marking  ] GC(2) Concurrent Cleanup for Next Mark 5.192ms
[2025-06-10T15:49:25.639+0530][gc          ] GC(2) Concurrent Mark Cycle 11.768ms
[2025-06-10T15:49:55.537+0530][gc,start    ] GC(3) Pause Young (Normal) (G1 Evacuation Pause)
[2025-06-10T15:49:55.537+0530][gc,task     ] GC(3) Using 13 workers of 13 for evacuation
[2025-06-10T15:49:55.542+0530][gc,phases   ] GC(3)   Pre Evacuate Collection Set: 0.3ms
[2025-06-10T15:49:55.542+0530][gc,phases   ] GC(3)   Merge Heap Roots: 0.2ms
[2025-06-10T15:49:55.542+0530][gc,phases   ] GC(3)   Evacuate Collection Set: 3.7ms
[2025-06-10T15:49:55.542+0530][gc,phases   ] GC(3)   Post Evacuate Collection Set: 0.6ms
[2025-06-10T15:49:55.542+0530][gc,phases   ] GC(3)   Other: 1.0ms
[2025-06-10T15:49:55.542+0530][gc,heap     ] GC(3) Eden regions: 49->0(45)
[2025-06-10T15:49:55.542+0530][gc,heap     ] GC(3) Survivor regions: 2->6(7)
[2025-06-10T15:49:55.543+0530][gc,heap     ] GC(3) Old regions: 7->7
[2025-06-10T15:49:55.543+0530][gc,heap     ] GC(3) Archive regions: 2->2
[2025-06-10T15:49:55.543+0530][gc,heap     ] GC(3) Humongous regions: 129->129
[2025-06-10T15:49:55.543+0530][gc,metaspace] GC(3) Metaspace: 32457K(32832K)->32457K(32832K) NonClass: 28320K(28544K)->28320K(28544K) Class: 4136K(4288K)->4136K(4288K)
[2025-06-10T15:49:55.543+0530][gc          ] GC(3) Pause Young (Normal) (G1 Evacuation Pause) 187M->142M(1024M) 5.937ms
[2025-06-10T15:49:55.543+0530][gc,cpu      ] GC(3) User=0.04s Sys=0.00s Real=0.01s
[2025-06-10T17:23:10.036+0530][gc,start    ] GC(4) Pause Young (Normal) (G1 Evacuation Pause)
[2025-06-10T17:23:10.037+0530][gc,task     ] GC(4) Using 13 workers of 13 for evacuation
[2025-06-10T17:23:10.043+0530][gc,phases   ] GC(4)   Pre Evacuate Collection Set: 0.3ms
[2025-06-10T17:23:10.043+0530][gc,phases   ] GC(4)   Merge Heap Roots: 0.1ms
[2025-06-10T17:23:10.043+0530][gc,phases   ] GC(4)   Evacuate Collection Set: 4.6ms
[2025-06-10T17:23:10.043+0530][gc,phases   ] GC(4)   Post Evacuate Collection Set: 0.6ms
[2025-06-10T17:23:10.043+0530][gc,phases   ] GC(4)   Other: 1.1ms
[2025-06-10T17:23:10.043+0530][gc,heap     ] GC(4) Eden regions: 45->0(50)
[2025-06-10T17:23:10.043+0530][gc,heap     ] GC(4) Survivor regions: 6->1(7)
[2025-06-10T17:23:10.043+0530][gc,heap     ] GC(4) Old regions: 7->13
[2025-06-10T17:23:10.043+0530][gc,heap     ] GC(4) Archive regions: 2->2
[2025-06-10T17:23:10.043+0530][gc,heap     ] GC(4) Humongous regions: 129->129
[2025-06-10T17:23:10.043+0530][gc,metaspace] GC(4) Metaspace: 34196K(34688K)->34196K(34688K) NonClass: 29740K(30016K)->29740K(30016K) Class: 4455K(4672K)->4455K(4672K)
[2025-06-10T17:23:10.043+0530][gc          ] GC(4) Pause Young (Normal) (G1 Evacuation Pause) 187M->143M(1024M) 6.909ms
[2025-06-10T17:23:10.043+0530][gc,cpu      ] GC(4) User=0.03s Sys=0.02s Real=0.01s
[2025-06-10T19:15:51.805+0530][gc,start    ] GC(5) Pause Young (Normal) (G1 Evacuation Pause)
[2025-06-10T19:15:51.806+0530][gc,task     ] GC(5) Using 13 workers of 13 for evacuation
[2025-06-10T19:15:51.811+0530][gc,phases   ] GC(5)   Pre Evacuate Collection Set: 0.2ms
[2025-06-10T19:15:51.811+0530][gc,phases   ] GC(5)   Merge Heap Roots: 0.1ms
[2025-06-10T19:15:51.811+0530][gc,phases   ] GC(5)   Evacuate Collection Set: 4.5ms
[2025-06-10T19:15:51.811+0530][gc,phases   ] GC(5)   Post Evacuate Collection Set: 0.4ms
[2025-06-10T19:15:51.811+0530][gc,phases   ] GC(5)   Other: 0.5ms
[2025-06-10T19:15:51.811+0530][gc,heap     ] GC(5) Eden regions: 50->0(50)
[2025-06-10T19:15:51.811+0530][gc,heap     ] GC(5) Survivor regions: 1->1(7)
[2025-06-10T19:15:51.811+0530][gc,heap     ] GC(5) Old regions: 13->13
[2025-06-10T19:15:51.811+0530][gc,heap     ] GC(5) Archive regions: 2->2
[2025-06-10T19:15:51.811+0530][gc,heap     ] GC(5) Humongous regions: 129->129
[2025-06-10T19:15:51.811+0530][gc,metaspace] GC(5) Metaspace: 34367K(34752K)->34367K(34752K) NonClass: 29897K(30080K)->29897K(30080K) Class: 4469K(4672K)->4469K(4672K)
[2025-06-10T19:15:51.811+0530][gc          ] GC(5) Pause Young (Normal) (G1 Evacuation Pause) 193M->142M(1024M) 6.005ms
[2025-06-10T19:15:51.811+0530][gc,cpu      ] GC(5) User=0.01s Sys=0.02s Real=0.01s
[2025-06-10T20:44:39.004+0530][gc,start    ] GC(6) Pause Young (Concurrent Start) (Metadata GC Threshold)
[2025-06-10T20:44:39.005+0530][gc,task     ] GC(6) Using 13 workers of 13 for evacuation
[2025-06-10T20:44:39.008+0530][gc,phases   ] GC(6)   Pre Evacuate Collection Set: 0.1ms
[2025-06-10T20:44:39.008+0530][gc,phases   ] GC(6)   Merge Heap Roots: 0.1ms
[2025-06-10T20:44:39.008+0530][gc,phases   ] GC(6)   Evacuate Collection Set: 2.2ms
[2025-06-10T20:44:39.008+0530][gc,phases   ] GC(6)   Post Evacuate Collection Set: 0.4ms
[2025-06-10T20:44:39.008+0530][gc,phases   ] GC(6)   Other: 0.6ms
[2025-06-10T20:44:39.008+0530][gc,heap     ] GC(6) Eden regions: 50->0(49)
[2025-06-10T20:44:39.008+0530][gc,heap     ] GC(6) Survivor regions: 1->2(7)
[2025-06-10T20:44:39.008+0530][gc,heap     ] GC(6) Old regions: 13->13
[2025-06-10T20:44:39.008+0530][gc,heap     ] GC(6) Archive regions: 2->2
[2025-06-10T20:44:39.008+0530][gc,heap     ] GC(6) Humongous regions: 129->129
[2025-06-10T20:44:39.008+0530][gc,metaspace] GC(6) Metaspace: 35524K(35968K)->35524K(35968K) NonClass: 30902K(31104K)->30902K(31104K) Class: 4621K(4864K)->4621K(4864K)
[2025-06-10T20:44:39.008+0530][gc          ] GC(6) Pause Young (Concurrent Start) (Metadata GC Threshold) 192M->143M(1024M) 3.553ms
[2025-06-10T20:44:39.008+0530][gc,cpu      ] GC(6) User=0.01s Sys=0.01s Real=0.00s
[2025-06-10T20:44:39.008+0530][gc          ] GC(7) Concurrent Mark Cycle
[2025-06-10T20:44:39.008+0530][gc,marking  ] GC(7) Concurrent Clear Claimed Marks
[2025-06-10T20:44:39.008+0530][gc,marking  ] GC(7) Concurrent Clear Claimed Marks 0.023ms
[2025-06-10T20:44:39.008+0530][gc,marking  ] GC(7) Concurrent Scan Root Regions
[2025-06-10T20:44:39.010+0530][gc,marking  ] GC(7) Concurrent Scan Root Regions 1.412ms
[2025-06-10T20:44:39.010+0530][gc,marking  ] GC(7) Concurrent Mark
[2025-06-10T20:44:39.010+0530][gc,marking  ] GC(7) Concurrent Mark From Roots
[2025-06-10T20:44:39.010+0530][gc,task     ] GC(7) Using 3 workers of 3 for marking
[2025-06-10T20:44:39.019+0530][gc,marking  ] GC(7) Concurrent Mark From Roots 9.554ms
[2025-06-10T20:44:39.019+0530][gc,marking  ] GC(7) Concurrent Preclean
[2025-06-10T20:44:39.019+0530][gc,marking  ] GC(7) Concurrent Preclean 0.198ms
[2025-06-10T20:44:39.020+0530][gc,start    ] GC(7) Pause Remark
[2025-06-10T20:44:39.035+0530][gc          ] GC(7) Pause Remark 144M->144M(1024M) 15.766ms
[2025-06-10T20:44:39.035+0530][gc,cpu      ] GC(7) User=0.04s Sys=0.10s Real=0.01s
[2025-06-10T20:44:39.035+0530][gc,marking  ] GC(7) Concurrent Mark 25.827ms
[2025-06-10T20:44:39.036+0530][gc,marking  ] GC(7) Concurrent Rebuild Remembered Sets
[2025-06-10T20:44:39.040+0530][gc,marking  ] GC(7) Concurrent Rebuild Remembered Sets 4.461ms
[2025-06-10T20:44:39.040+0530][gc,start    ] GC(7) Pause Cleanup
[2025-06-10T20:44:39.040+0530][gc          ] GC(7) Pause Cleanup 144M->144M(1024M) 0.176ms
[2025-06-10T20:44:39.040+0530][gc,cpu      ] GC(7) User=0.00s Sys=0.00s Real=0.00s
[2025-06-10T20:44:39.040+0530][gc,marking  ] GC(7) Concurrent Cleanup for Next Mark
[2025-06-10T20:44:39.046+0530][gc,marking  ] GC(7) Concurrent Cleanup for Next Mark 5.249ms
[2025-06-10T20:44:39.046+0530][gc          ] GC(7) Concurrent Mark Cycle 37.495ms
[2025-06-10T20:55:52.613+0530][gc,start    ] GC(8) Pause Young (Normal) (G1 Evacuation Pause)
[2025-06-10T20:55:52.613+0530][gc,task     ] GC(8) Using 13 workers of 13 for evacuation
[2025-06-10T20:55:52.620+0530][gc,phases   ] GC(8)   Pre Evacuate Collection Set: 0.2ms
[2025-06-10T20:55:52.620+0530][gc,phases   ] GC(8)   Merge Heap Roots: 0.1ms
[2025-06-10T20:55:52.620+0530][gc,phases   ] GC(8)   Evacuate Collection Set: 6.7ms
[2025-06-10T20:55:52.620+0530][gc,phases   ] GC(8)   Post Evacuate Collection Set: 0.4ms
[2025-06-10T20:55:52.620+0530][gc,phases   ] GC(8)   Other: 0.2ms
[2025-06-10T20:55:52.620+0530][gc,heap     ] GC(8) Eden regions: 49->0(47)
[2025-06-10T20:55:52.620+0530][gc,heap     ] GC(8) Survivor regions: 2->4(7)
[2025-06-10T20:55:52.620+0530][gc,heap     ] GC(8) Old regions: 13->13
[2025-06-10T20:55:52.620+0530][gc,heap     ] GC(8) Archive regions: 2->2
[2025-06-10T20:55:52.620+0530][gc,heap     ] GC(8) Humongous regions: 129->129
[2025-06-10T20:55:52.620+0530][gc,metaspace] GC(8) Metaspace: 37513K(38080K)->37513K(38080K) NonClass: 32604K(32896K)->32604K(32896K) Class: 4908K(5184K)->4908K(5184K)
[2025-06-10T20:55:52.621+0530][gc          ] GC(8) Pause Young (Normal) (G1 Evacuation Pause) 192M->145M(1024M) 7.798ms
[2025-06-10T20:55:52.621+0530][gc,cpu      ] GC(8) User=0.03s Sys=0.03s Real=0.01s
[2025-06-10T21:17:18.839+0530][gc,start    ] GC(9) Pause Young (Normal) (G1 Evacuation Pause)
[2025-06-10T21:17:18.840+0530][gc,task     ] GC(9) Using 13 workers of 13 for evacuation
[2025-06-10T21:17:18.844+0530][gc,phases   ] GC(9)   Pre Evacuate Collection Set: 0.3ms
[2025-06-10T21:17:18.844+0530][gc,phases   ] GC(9)   Merge Heap Roots: 0.2ms
[2025-06-10T21:17:18.844+0530][gc,phases   ] GC(9)   Evacuate Collection Set: 2.4ms
[2025-06-10T21:17:18.844+0530][gc,phases   ] GC(9)   Post Evacuate Collection Set: 0.8ms
[2025-06-10T21:17:18.844+0530][gc,phases   ] GC(9)   Other: 1.3ms
[2025-06-10T21:17:18.844+0530][gc,heap     ] GC(9) Eden regions: 47->0(67)
[2025-06-10T21:17:18.844+0530][gc,heap     ] GC(9) Survivor regions: 4->4(7)
[2025-06-10T21:17:18.844+0530][gc,heap     ] GC(9) Old regions: 13->13
[2025-06-10T21:17:18.844+0530][gc,heap     ] GC(9) Archive regions: 2->2
[2025-06-10T21:17:18.844+0530][gc,heap     ] GC(9) Humongous regions: 129->129
[2025-06-10T21:17:18.844+0530][gc,metaspace] GC(9) Metaspace: 37533K(38144K)->37533K(38144K) NonClass: 32624K(32960K)->32624K(32960K) Class: 4908K(5184K)->4908K(5184K)
[2025-06-10T21:17:18.844+0530][gc          ] GC(9) Pause Young (Normal) (G1 Evacuation Pause) 192M->145M(1024M) 5.311ms
[2025-06-10T21:17:18.844+0530][gc,cpu      ] GC(9) User=0.03s Sys=0.00s Real=0.01s
