[2025-06-10T15:47:38.907+0530][gc] Using G1
[2025-06-10T15:47:38.913+0530][gc,init] Version: 17.0.15+0 (release)
[2025-06-10T15:47:38.913+0530][gc,init] CPUs: 16 total, 16 available
[2025-06-10T15:47:38.913+0530][gc,init] Memory: 16384M
[2025-06-10T15:47:38.913+0530][gc,init] Large Page Support: Disabled
[2025-06-10T15:47:38.913+0530][gc,init] NUMA Support: Disabled
[2025-06-10T15:47:38.913+0530][gc,init] Compressed Oops: Enabled (Zero based)
[2025-06-10T15:47:38.913+0530][gc,init] Heap Region Size: 1M
[2025-06-10T15:47:38.913+0530][gc,init] Heap Min Capacity: 1G
[2025-06-10T15:47:38.913+0530][gc,init] Heap Initial Capacity: 1G
[2025-06-10T15:47:38.913+0530][gc,init] Heap Max Capacity: 1G
[2025-06-10T15:47:38.913+0530][gc,init] Pre-touch: Disabled
[2025-06-10T15:47:38.913+0530][gc,init] Parallel Workers: 13
[2025-06-10T15:47:38.913+0530][gc,init] Concurrent Workers: 3
[2025-06-10T15:47:38.913+0530][gc,init] Concurrent Refinement Workers: 13
[2025-06-10T15:47:38.913+0530][gc,init] Periodic GC: Disabled
[2025-06-10T15:47:38.920+0530][gc,metaspace] CDS archive(s) mapped at: [0x0000000126000000-0x0000000126bbd000-0x0000000126bbd000), size 12308480, SharedBaseAddress: 0x0000000126000000, ArchiveRelocationMode: 1.
[2025-06-10T15:47:38.934+0530][gc,metaspace] Compressed class space mapped at: 0x0000000127000000-0x0000000167000000, reserved size: 1073741824
[2025-06-10T15:47:38.934+0530][gc,metaspace] Narrow klass base: 0x0000000126000000, Narrow klass shift: 0, Narrow klass range: 0x100000000
[2025-06-10T15:47:40.079+0530][gc,start    ] GC(0) Pause Young (Normal) (G1 Evacuation Pause)
[2025-06-10T15:47:40.079+0530][gc,task     ] GC(0) Using 13 workers of 13 for evacuation
[2025-06-10T15:47:40.084+0530][gc,phases   ] GC(0)   Pre Evacuate Collection Set: 0.1ms
[2025-06-10T15:47:40.084+0530][gc,phases   ] GC(0)   Merge Heap Roots: 0.1ms
[2025-06-10T15:47:40.084+0530][gc,phases   ] GC(0)   Evacuate Collection Set: 3.9ms
[2025-06-10T15:47:40.084+0530][gc,phases   ] GC(0)   Post Evacuate Collection Set: 0.5ms
[2025-06-10T15:47:40.084+0530][gc,phases   ] GC(0)   Other: 0.8ms
[2025-06-10T15:47:40.084+0530][gc,heap     ] GC(0) Eden regions: 51->0(44)
[2025-06-10T15:47:40.084+0530][gc,heap     ] GC(0) Survivor regions: 0->7(7)
[2025-06-10T15:47:40.084+0530][gc,heap     ] GC(0) Old regions: 0->0
[2025-06-10T15:47:40.084+0530][gc,heap     ] GC(0) Archive regions: 2->2
[2025-06-10T15:47:40.084+0530][gc,heap     ] GC(0) Humongous regions: 0->0
[2025-06-10T15:47:40.084+0530][gc,metaspace] GC(0) Metaspace: 18762K(18944K)->18762K(18944K) NonClass: 16230K(16320K)->16230K(16320K) Class: 2532K(2624K)->2532K(2624K)
[2025-06-10T15:47:40.084+0530][gc          ] GC(0) Pause Young (Normal) (G1 Evacuation Pause) 51M->7M(1024M) 5.588ms
[2025-06-10T15:47:40.084+0530][gc,cpu      ] GC(0) User=0.03s Sys=0.01s Real=0.01s
[2025-06-10T15:47:40.275+0530][gc,start    ] GC(1) Pause Young (Concurrent Start) (Metadata GC Threshold)
[2025-06-10T15:47:40.275+0530][gc,task     ] GC(1) Using 13 workers of 13 for evacuation
[2025-06-10T15:47:40.282+0530][gc,phases   ] GC(1)   Pre Evacuate Collection Set: 0.1ms
[2025-06-10T15:47:40.282+0530][gc,phases   ] GC(1)   Merge Heap Roots: 0.1ms
[2025-06-10T15:47:40.282+0530][gc,phases   ] GC(1)   Evacuate Collection Set: 5.7ms
[2025-06-10T15:47:40.282+0530][gc,phases   ] GC(1)   Post Evacuate Collection Set: 0.8ms
[2025-06-10T15:47:40.282+0530][gc,phases   ] GC(1)   Other: 0.3ms
[2025-06-10T15:47:40.282+0530][gc,heap     ] GC(1) Eden regions: 10->0(49)
[2025-06-10T15:47:40.282+0530][gc,heap     ] GC(1) Survivor regions: 7->2(7)
[2025-06-10T15:47:40.282+0530][gc,heap     ] GC(1) Old regions: 0->7
[2025-06-10T15:47:40.282+0530][gc,heap     ] GC(1) Archive regions: 2->2
[2025-06-10T15:47:40.282+0530][gc,heap     ] GC(1) Humongous regions: 129->129
[2025-06-10T15:47:40.282+0530][gc,metaspace] GC(1) Metaspace: 21284K(21504K)->21284K(21504K) NonClass: 18409K(18496K)->18409K(18496K) Class: 2874K(3008K)->2874K(3008K)
[2025-06-10T15:47:40.282+0530][gc          ] GC(1) Pause Young (Concurrent Start) (Metadata GC Threshold) 146M->138M(1024M) 7.412ms
[2025-06-10T15:47:40.283+0530][gc,cpu      ] GC(1) User=0.03s Sys=0.03s Real=0.01s
[2025-06-10T15:47:40.283+0530][gc          ] GC(2) Concurrent Mark Cycle
[2025-06-10T15:47:40.283+0530][gc,marking  ] GC(2) Concurrent Clear Claimed Marks
[2025-06-10T15:47:40.283+0530][gc,marking  ] GC(2) Concurrent Clear Claimed Marks 0.048ms
[2025-06-10T15:47:40.283+0530][gc,marking  ] GC(2) Concurrent Scan Root Regions
[2025-06-10T15:47:40.286+0530][gc,marking  ] GC(2) Concurrent Scan Root Regions 2.957ms
[2025-06-10T15:47:40.286+0530][gc,marking  ] GC(2) Concurrent Mark
[2025-06-10T15:47:40.286+0530][gc,marking  ] GC(2) Concurrent Mark From Roots
[2025-06-10T15:47:40.286+0530][gc,task     ] GC(2) Using 3 workers of 3 for marking
[2025-06-10T15:47:40.288+0530][gc,marking  ] GC(2) Concurrent Mark From Roots 1.876ms
[2025-06-10T15:47:40.288+0530][gc,marking  ] GC(2) Concurrent Preclean
[2025-06-10T15:47:40.288+0530][gc,marking  ] GC(2) Concurrent Preclean 0.086ms
[2025-06-10T15:47:40.288+0530][gc,start    ] GC(2) Pause Remark
[2025-06-10T15:47:40.290+0530][gc          ] GC(2) Pause Remark 138M->138M(1024M) 1.962ms
[2025-06-10T15:47:40.290+0530][gc,cpu      ] GC(2) User=0.01s Sys=0.00s Real=0.01s
[2025-06-10T15:47:40.290+0530][gc,marking  ] GC(2) Concurrent Mark 4.409ms
[2025-06-10T15:47:40.290+0530][gc,marking  ] GC(2) Concurrent Rebuild Remembered Sets
[2025-06-10T15:47:40.290+0530][gc,marking  ] GC(2) Concurrent Rebuild Remembered Sets 0.011ms
[2025-06-10T15:47:40.290+0530][gc,start    ] GC(2) Pause Cleanup
[2025-06-10T15:47:40.290+0530][gc          ] GC(2) Pause Cleanup 138M->138M(1024M) 0.019ms
[2025-06-10T15:47:40.290+0530][gc,cpu      ] GC(2) User=0.00s Sys=0.00s Real=0.00s
[2025-06-10T15:47:40.290+0530][gc,marking  ] GC(2) Concurrent Cleanup for Next Mark
[2025-06-10T15:47:40.297+0530][gc,marking  ] GC(2) Concurrent Cleanup for Next Mark 6.388ms
[2025-06-10T15:47:40.297+0530][gc          ] GC(2) Concurrent Mark Cycle 14.329ms
[2025-06-10T15:47:43.116+0530][gc,heap,exit] Heap
[2025-06-10T15:47:43.116+0530][gc,heap,exit]  garbage-first heap   total 1048576K, used 163571K [0x00000007c0000000, 0x0000000800000000)
[2025-06-10T15:47:43.116+0530][gc,heap,exit]   region size 1024K, 24 young (24576K), 2 survivors (2048K)
[2025-06-10T15:47:43.116+0530][gc,heap,exit]  Metaspace       used 24946K, committed 25152K, reserved 1114112K
[2025-06-10T15:47:43.116+0530][gc,heap,exit]   class space    used 3288K, committed 3392K, reserved 1048576K
